// Vitest Snapshot v1, https://vitest.dev/guide/snapshot.html

exports[`MyCounterApp > should match with the snapshot 1`] = `
<div>
  <header
    class="content-center"
  >
    <h1>
      Buscador de Gifs
    </h1>
    <p>
      Descubre y comparte el Gifs perfecto
    </p>
  </header>
  <div
    class="search-container"
  >
    <input
      placeholder="Buscar Gifs"
      type="text"
      value=""
    />
    <button>
      Buscar
    </button>
  </div>
  <div
    class="previous-searches"
  >
    <h2>
      Busquedas previas
    </h2>
    <ul
      class="previous-searches-list"
    />
  </div>
  <div
    class="gifs-container"
  />
</div>
`;
